build 4 start 2026-09-04 09:07:06
24808add026b889a185932deb6596f6dacf2320d
env: load .env
env: export EXPO_PUBLIC_POSTHOG_API_KEY EXPO_PUBLIC_POSTHOG_HOST EXPO_PUBLIC_SENTRY_DSN EXPO_PUBLIC_SUPABASE_ANON_KEY EXPO_PUBLIC_SUPABASE_URL
[33m› [1m[@sentry/react-native/expo][22m Missing config for [1morganization, project[22m. Environment variables will be used as a fallback during the build. https://docs.sentry.io/platforms/react-native/manual-setup/[0m
- Clearing android
✔ Cleared android code
- Creating native directory (./android)
✔ Created native directory
- Updating package.json
✔ Updated package.json | no changes
- Running prebuild
» android: userInterfaceStyle: Install expo-system-ui in your project to enable this feature.
- Running prebuild
✔ Finished prebuild
[32m[ExpoRootProject][0m Using the following versions:
  - buildTools:  [32m36.0.0[0m
  - minSdk:      [32m24[0m
  - compileSdk:  [32m36[0m
  - targetSdk:   [32m36[0m
  - ndk:         [32m27.1.12297006[0m
  - kotlin:      [32m2.1.20[0m
  - ksp:         [32m2.1.20-2.0.1[0m
 ℹ️  [33mApplying gradle plugin[0m '[32mexpo-max-sdk-override-plugin[0m'
  [expo-max-sdk-override-plugin] This plugin will find all permissions declared with `android:maxSdkVersion`. If there exists a declaration with the `android:maxSdkVersion` annotation and another one without, the plugin will remove the annotation from the final merged manifest. In order to see a log with the changes run a clean build of the app.

Using expo modules
  - [32mexpo-log-box[0m (57.0.4)
  - [32mexpo-constants[0m (57.0.17)
Linking react-native-worklets native libs into expo-modules-core build tasks
task ':react-native-worklets:mergeDebugNativeLibs'
task ':react-native-worklets:mergeReleaseNativeLibs'
  - [32mexpo-modules-core[0m (57.0.15)
  - [33m[📦][0m [32mexpo-dom-webview[0m (57.0.1)
  - [33m[📦][0m [32mexpo-ui[0m (57.0.15)
  - [33m[📦][0m [32mexpo-application[0m (57.0.2)
  - [33m[📦][0m [32mexpo-asset[0m (57.0.16)
  - [33m[📦][0m [32mexpo-blur[0m (57.0.2)
  - [33m[📦][0m [32mexpo-crypto[0m (57.0.2)
  - [33m[📦][0m [32mexpo-device[0m (57.0.1)
  - [33m[📦][0m [32mexpo-file-system[0m (57.0.6)
  - [33m[📦][0m [32mexpo-font[0m (57.0.3)
  - [33m[📦][0m [32mexpo-keep-awake[0m (57.0.1)
  - [33m[📦][0m [32mexpo-linking[0m (57.0.9)
  - [33m[📦][0m [32mexpo-localization[0m (57.0.1)
  - [33m[📦][0m [32mexpo-network[0m (57.0.1)
  - [33m[📦][0m [32mexpo-notifications[0m (57.0.16)
  - [33m[📦][0m [32mexpo-router[0m (57.0.18)
  - [33m[📦][0m [32mexpo-secure-store[0m (57.0.3)
  - [33m[📦][0m [32mexpo-sharing[0m (57.0.17)
  - [33m[📦][0m [32mexpo-splash-screen[0m (57.0.8)
  - [33m[📦][0m [32mexpo-sqlite[0m (57.0.2)
  - [33m[📦][0m [32mexpo-status-bar[0m (57.0.1)
  - [33m[📦][0m [32mexpo-web-browser[0m (57.0.2)

The NODE_ENV environment variable is required but was not specified. Ensure the project is bundled with Expo CLI or NODE_ENV is set. Using only .env.local and .env
env: load .env
env: export EXPO_PUBLIC_POSTHOG_API_KEY EXPO_PUBLIC_POSTHOG_HOST EXPO_PUBLIC_SENTRY_DSN EXPO_PUBLIC_SUPABASE_ANON_KEY EXPO_PUBLIC_SUPABASE_URL
[33m› [1m[@sentry/react-native/expo][22m Missing config for [1morganization, project[22m. Environment variables will be used as a fallback during the build. https://docs.sentry.io/platforms/react-native/manual-setup/[0m
env: load .env
env: export EXPO_PUBLIC_POSTHOG_API_KEY EXPO_PUBLIC_POSTHOG_HOST EXPO_PUBLIC_SENTRY_DSN EXPO_PUBLIC_SUPABASE_ANON_KEY EXPO_PUBLIC_SUPABASE_URL
[33m› [1m[@sentry/react-native/expo][22m Missing config for [1morganization, project[22m. Environment variables will be used as a fallback during the build. https://docs.sentry.io/platforms/react-native/manual-setup/[0m
Expo Autolinking module resolution enabled
Note: /Users/vladyslav/Workspace/magister_work/node_modules/react-native-get-random-values/android/src/main/java/org/linusu/RNGetRandomValuesPackage.java uses or overrides a deprecated API.
Note: Recompile with -Xlint:deprecation for details.
Note: /Users/vladyslav/Workspace/magister_work/node_modules/@react-native-masked-view/masked-view/android/src/main/java/org/reactnative/maskedview/RNCMaskedViewPackage.java uses or overrides a deprecated API.
Note: Recompile with -Xlint:deprecation for details.
Note: /Users/vladyslav/Workspace/magister_work/node_modules/react-native-mmkv/android/src/main/java/com/mrousavy/mmkv/MmkvPackage.java uses or overrides a deprecated API.
Note: Recompile with -Xlint:deprecation for details.
Starting Metro Bundler

Note: Some input files use or override a deprecated API.
Note: Recompile with -Xlint:deprecation for details.
Note: Some input files use or override a deprecated API.
Note: Recompile with -Xlint:deprecation for details.
Android Bundled 10620ms node_modules/expo-router/entry.js (3022 modules)
Writing bundle output to: /Users/vladyslav/Workspace/magister_work/apps/mobile/android/app/build/generated/assets/react/release/index.android.bundle
Writing sourcemap output to: /Users/vladyslav/Workspace/magister_work/apps/mobile/android/app/build/intermediates/sourcemaps/react/release/index.android.bundle.packager.map
Copying 82 asset files
Done writing bundle output
Done writing sourcemap output
Note: Some input files use or override a deprecated API.
Note: Recompile with -Xlint:deprecation for details.
[33m---------- Expo Max Sdk Override Plugin ----------[0m
[32m>>> No 'android:maxSdkVersion' conflicts found[0m
[33m--------------------------------------------------[0m
Sentry Logger [log]: Reading source map from /Users/vladyslav/Workspace/magister_work/apps/mobile/android/app/build/generated/sourcemaps/react/release/index.android.bundle.map
Sentry Logger [log]: Saving modules to /Users/vladyslav/Workspace/magister_work/apps/mobile/android/app/src/main/assets/modules.json
Sentry Logger [log]: Resolving modules from paths /Users/vladyslav/Workspace/magister_work/apps/mobile/node_modules
Sentry Logger [log]: Modules collected and saved to: /Users/vladyslav/Workspace/magister_work/apps/mobile/android/app/src/main/assets/modules.json
BUILD EXIT 0 at 09:09:33
